[2025-12-13T13:37:39.931+0000] {local_task_job_runner.py:120} INFO - ::group::Pre task execution logs
[2025-12-13T13:37:39.968+0000] {taskinstance.py:2073} INFO - Dependencies all met for dep_context=non-requeueable deps ti=<TaskInstance: mfg_data_quality_monitoring_dag.dq_log_results manual__2025-12-13T13:37:21.904583+00:00 [queued]>
[2025-12-13T13:37:39.978+0000] {taskinstance.py:2073} INFO - Dependencies all met for dep_context=requeueable deps ti=<TaskInstance: mfg_data_quality_monitoring_dag.dq_log_results manual__2025-12-13T13:37:21.904583+00:00 [queued]>
[2025-12-13T13:37:39.979+0000] {taskinstance.py:2303} INFO - Starting attempt 1 of 2
[2025-12-13T13:37:39.996+0000] {taskinstance.py:2327} INFO - Executing <Task(PythonOperator): dq_log_results> on 2025-12-13 13:37:21.904583+00:00
[2025-12-13T13:37:40.007+0000] {logging_mixin.py:188} WARNING - /home/***/.local/lib/python3.12/site-packages/***/task/task_runner/standard_task_runner.py:61 DeprecationWarning: This process (pid=4833) is multi-threaded, use of fork() may lead to deadlocks in the child.
[2025-12-13T13:37:40.006+0000] {standard_task_runner.py:90} INFO - Running: ['***', 'tasks', 'run', 'mfg_data_quality_monitoring_dag', 'dq_log_results', 'manual__2025-12-13T13:37:21.904583+00:00', '--job-id', '45', '--raw', '--subdir', 'DAGS_FOLDER/mfg_data_quality_monitoring_dag.py', '--cfg-path', '/tmp/tmptn4l0iw3']
[2025-12-13T13:37:40.010+0000] {standard_task_runner.py:63} INFO - Started process 4841 to run task
[2025-12-13T13:37:40.010+0000] {standard_task_runner.py:91} INFO - Job 45: Subtask dq_log_results
[2025-12-13T13:37:40.075+0000] {task_command.py:426} INFO - Running <TaskInstance: mfg_data_quality_monitoring_dag.dq_log_results manual__2025-12-13T13:37:21.904583+00:00 [running]> on host 1159f6c9764f
[2025-12-13T13:37:40.173+0000] {taskinstance.py:2644} INFO - Exporting env vars: AIRFLOW_CTX_DAG_OWNER='data-platform' AIRFLOW_CTX_DAG_ID='mfg_data_quality_monitoring_dag' AIRFLOW_CTX_TASK_ID='dq_log_results' AIRFLOW_CTX_EXECUTION_DATE='2025-12-13T13:37:21.904583+00:00' AIRFLOW_CTX_TRY_NUMBER='1' AIRFLOW_CTX_DAG_RUN_ID='manual__2025-12-13T13:37:21.904583+00:00'
[2025-12-13T13:37:40.174+0000] {taskinstance.py:430} INFO - ::endgroup::
[2025-12-13T13:37:40.215+0000] {connection.py:521} INFO - Snowflake Connector for Python Version: 3.18.0, Python Version: 3.12.2, Platform: Linux-6.6.87.2-microsoft-standard-WSL2-x86_64-with-glibc2.36
[2025-12-13T13:37:40.216+0000] {connection.py:1464} INFO - Connecting to GLOBAL Snowflake domain
[2025-12-13T13:37:43.332+0000] {taskinstance.py:441} INFO - ::group::Post task execution logs
[2025-12-13T13:37:43.333+0000] {taskinstance.py:2890} ERROR - Task failed with exception
Traceback (most recent call last):
  File "/opt/airflow/dags/mfg_data_quality_monitoring_dag.py", line 264, in dq_log_results
    _execute(
  File "/opt/airflow/dags/mfg_data_quality_monitoring_dag.py", line 71, in _execute
    cursor.execute(query, params)
  File "/home/airflow/.local/lib/python3.12/site-packages/snowflake/connector/cursor.py", line 1134, in execute
    Error.errorhandler_wrapper(self.connection, self, error_class, errvalue)
  File "/home/airflow/.local/lib/python3.12/site-packages/snowflake/connector/errors.py", line 286, in errorhandler_wrapper
    handed_over = Error.hand_to_other_handler(
                  ^^^^^^^^^^^^^^^^^^^^^^^^^^^^
  File "/home/airflow/.local/lib/python3.12/site-packages/snowflake/connector/errors.py", line 341, in hand_to_other_handler
    cursor.errorhandler(connection, cursor, error_class, error_value)
  File "/home/airflow/.local/lib/python3.12/site-packages/snowflake/connector/errors.py", line 217, in default_errorhandler
    raise error_class(
snowflake.connector.errors.ProgrammingError: 000904 (42000): 01c10611-0107-46a6-0013-40ff0013a0d2: SQL compilation error: error line 1 at position 44
invalid identifier 'DAG_RUN_ID'

During handling of the above exception, another exception occurred:

Traceback (most recent call last):
  File "/home/airflow/.local/lib/python3.12/site-packages/airflow/models/taskinstance.py", line 460, in _execute_task
    result = _execute_callable(context=context, **execute_callable_kwargs)
             ^^^^^^^^^^^^^^^^^^^^^^^^^^^^^^^^^^^^^^^^^^^^^^^^^^^^^^^^^^^^^
  File "/home/airflow/.local/lib/python3.12/site-packages/airflow/models/taskinstance.py", line 432, in _execute_callable
    return execute_callable(context=context, **execute_callable_kwargs)
           ^^^^^^^^^^^^^^^^^^^^^^^^^^^^^^^^^^^^^^^^^^^^^^^^^^^^^^^^^^^^
  File "/home/airflow/.local/lib/python3.12/site-packages/airflow/models/baseoperator.py", line 400, in wrapper
    return func(self, *args, **kwargs)
           ^^^^^^^^^^^^^^^^^^^^^^^^^^^
  File "/home/airflow/.local/lib/python3.12/site-packages/airflow/operators/python.py", line 235, in execute
    return_value = self.execute_callable()
                   ^^^^^^^^^^^^^^^^^^^^^^^
  File "/home/airflow/.local/lib/python3.12/site-packages/airflow/operators/python.py", line 252, in execute_callable
    return self.python_callable(*self.op_args, **self.op_kwargs)
           ^^^^^^^^^^^^^^^^^^^^^^^^^^^^^^^^^^^^^^^^^^^^^^^^^^^^^
  File "/opt/airflow/dags/mfg_data_quality_monitoring_dag.py", line 281, in dq_log_results
    raise AirflowFailException(
airflow.exceptions.AirflowFailException: Failed to write DQ audit log. dag_run_id=manual__2025-12-13T13:37:21.904583+00:00, payload_bytes=377. Error=000904 (42000): 01c10611-0107-46a6-0013-40ff0013a0d2: SQL compilation error: error line 1 at position 44
invalid identifier 'DAG_RUN_ID'
[2025-12-13T13:37:43.344+0000] {taskinstance.py:1205} INFO - Immediate failure requested. Marking task as FAILED. dag_id=mfg_data_quality_monitoring_dag, task_id=dq_log_results, execution_date=20251213T133721, start_date=20251213T133739, end_date=20251213T133743
[2025-12-13T13:37:43.358+0000] {standard_task_runner.py:110} ERROR - Failed to execute job 45 for task dq_log_results (Failed to write DQ audit log. dag_run_id=manual__2025-12-13T13:37:21.904583+00:00, payload_bytes=377. Error=000904 (42000): 01c10611-0107-46a6-0013-40ff0013a0d2: SQL compilation error: error line 1 at position 44
invalid identifier 'DAG_RUN_ID'; 4841)
[2025-12-13T13:37:43.372+0000] {local_task_job_runner.py:240} INFO - Task exited with return code 1
[2025-12-13T13:37:43.386+0000] {taskinstance.py:3482} INFO - 0 downstream tasks scheduled from follow-on schedule check
[2025-12-13T13:37:43.390+0000] {local_task_job_runner.py:222} INFO - ::endgroup::
