[2025-12-13T12:53:56.099+0000] {local_task_job_runner.py:120} INFO - ::group::Pre task execution logs
[2025-12-13T12:53:56.137+0000] {taskinstance.py:2073} INFO - Dependencies all met for dep_context=non-requeueable deps ti=<TaskInstance: mfg_data_quality_monitoring_dag.dq_log_results scheduled__2025-12-12T06:00:00+00:00 [queued]>
[2025-12-13T12:53:56.149+0000] {taskinstance.py:2073} INFO - Dependencies all met for dep_context=requeueable deps ti=<TaskInstance: mfg_data_quality_monitoring_dag.dq_log_results scheduled__2025-12-12T06:00:00+00:00 [queued]>
[2025-12-13T12:53:56.150+0000] {taskinstance.py:2303} INFO - Starting attempt 1 of 2
[2025-12-13T12:53:56.169+0000] {taskinstance.py:2327} INFO - Executing <Task(PythonOperator): dq_log_results> on 2025-12-12 06:00:00+00:00
[2025-12-13T12:53:56.181+0000] {logging_mixin.py:188} WARNING - /home/***/.local/lib/python3.12/site-packages/***/task/task_runner/standard_task_runner.py:61 DeprecationWarning: This process (pid=3206) is multi-threaded, use of fork() may lead to deadlocks in the child.
[2025-12-13T12:53:56.184+0000] {standard_task_runner.py:63} INFO - Started process 3213 to run task
[2025-12-13T12:53:56.182+0000] {standard_task_runner.py:90} INFO - Running: ['***', 'tasks', 'run', 'mfg_data_quality_monitoring_dag', 'dq_log_results', 'scheduled__2025-12-12T06:00:00+00:00', '--job-id', '37', '--raw', '--subdir', 'DAGS_FOLDER/mfg_data_quality_monitoring_dag.py', '--cfg-path', '/tmp/tmp8mnmmosv']
[2025-12-13T12:53:56.187+0000] {standard_task_runner.py:91} INFO - Job 37: Subtask dq_log_results
[2025-12-13T12:53:56.261+0000] {task_command.py:426} INFO - Running <TaskInstance: mfg_data_quality_monitoring_dag.dq_log_results scheduled__2025-12-12T06:00:00+00:00 [running]> on host 1159f6c9764f
[2025-12-13T12:53:56.386+0000] {taskinstance.py:2644} INFO - Exporting env vars: AIRFLOW_CTX_DAG_OWNER='data-platform' AIRFLOW_CTX_DAG_ID='mfg_data_quality_monitoring_dag' AIRFLOW_CTX_TASK_ID='dq_log_results' AIRFLOW_CTX_EXECUTION_DATE='2025-12-12T06:00:00+00:00' AIRFLOW_CTX_TRY_NUMBER='1' AIRFLOW_CTX_DAG_RUN_ID='scheduled__2025-12-12T06:00:00+00:00'
[2025-12-13T12:53:56.389+0000] {taskinstance.py:430} INFO - ::endgroup::
[2025-12-13T12:53:56.450+0000] {connection.py:521} INFO - Snowflake Connector for Python Version: 3.18.0, Python Version: 3.12.2, Platform: Linux-6.6.87.2-microsoft-standard-WSL2-x86_64-with-glibc2.36
[2025-12-13T12:53:56.453+0000] {connection.py:1464} INFO - Connecting to GLOBAL Snowflake domain
[2025-12-13T12:53:59.319+0000] {taskinstance.py:441} INFO - ::group::Post task execution logs
[2025-12-13T12:53:59.321+0000] {taskinstance.py:2890} ERROR - Task failed with exception
Traceback (most recent call last):
  File "/home/airflow/.local/lib/python3.12/site-packages/airflow/models/taskinstance.py", line 460, in _execute_task
    result = _execute_callable(context=context, **execute_callable_kwargs)
             ^^^^^^^^^^^^^^^^^^^^^^^^^^^^^^^^^^^^^^^^^^^^^^^^^^^^^^^^^^^^^
  File "/home/airflow/.local/lib/python3.12/site-packages/airflow/models/taskinstance.py", line 432, in _execute_callable
    return execute_callable(context=context, **execute_callable_kwargs)
           ^^^^^^^^^^^^^^^^^^^^^^^^^^^^^^^^^^^^^^^^^^^^^^^^^^^^^^^^^^^^
  File "/home/airflow/.local/lib/python3.12/site-packages/airflow/models/baseoperator.py", line 400, in wrapper
    return func(self, *args, **kwargs)
           ^^^^^^^^^^^^^^^^^^^^^^^^^^^
  File "/home/airflow/.local/lib/python3.12/site-packages/airflow/operators/python.py", line 235, in execute
    return_value = self.execute_callable()
                   ^^^^^^^^^^^^^^^^^^^^^^^
  File "/home/airflow/.local/lib/python3.12/site-packages/airflow/operators/python.py", line 252, in execute_callable
    return self.python_callable(*self.op_args, **self.op_kwargs)
           ^^^^^^^^^^^^^^^^^^^^^^^^^^^^^^^^^^^^^^^^^^^^^^^^^^^^^
  File "/opt/airflow/dags/mfg_data_quality_monitoring_dag.py", line 241, in dq_log_results
    _execute(
  File "/opt/airflow/dags/mfg_data_quality_monitoring_dag.py", line 67, in _execute
    cursor.execute(query, params) if params else cursor.execute(query)
    ^^^^^^^^^^^^^^^^^^^^^^^^^^^^^
  File "/home/airflow/.local/lib/python3.12/site-packages/snowflake/connector/cursor.py", line 1134, in execute
    Error.errorhandler_wrapper(self.connection, self, error_class, errvalue)
  File "/home/airflow/.local/lib/python3.12/site-packages/snowflake/connector/errors.py", line 286, in errorhandler_wrapper
    handed_over = Error.hand_to_other_handler(
                  ^^^^^^^^^^^^^^^^^^^^^^^^^^^^
  File "/home/airflow/.local/lib/python3.12/site-packages/snowflake/connector/errors.py", line 341, in hand_to_other_handler
    cursor.errorhandler(connection, cursor, error_class, error_value)
  File "/home/airflow/.local/lib/python3.12/site-packages/snowflake/connector/errors.py", line 217, in default_errorhandler
    raise error_class(
snowflake.connector.errors.ProgrammingError: 000904 (42000): 01c105e5-0107-46a6-0013-40ff0013a0aa: SQL compilation error: error line 1 at position 44
invalid identifier 'DAG_RUN_ID'
[2025-12-13T12:53:59.349+0000] {taskinstance.py:1205} INFO - Marking task as UP_FOR_RETRY. dag_id=mfg_data_quality_monitoring_dag, task_id=dq_log_results, execution_date=20251212T060000, start_date=20251213T125356, end_date=20251213T125359
[2025-12-13T12:53:59.372+0000] {standard_task_runner.py:110} ERROR - Failed to execute job 37 for task dq_log_results (000904 (42000): 01c105e5-0107-46a6-0013-40ff0013a0aa: SQL compilation error: error line 1 at position 44
invalid identifier 'DAG_RUN_ID'; 3213)
[2025-12-13T12:53:59.419+0000] {local_task_job_runner.py:240} INFO - Task exited with return code 1
[2025-12-13T12:53:59.442+0000] {taskinstance.py:3482} INFO - 0 downstream tasks scheduled from follow-on schedule check
[2025-12-13T12:53:59.447+0000] {local_task_job_runner.py:222} INFO - ::endgroup::
[2025-12-13T13:56:38.097+0000] {local_task_job_runner.py:120} INFO - ::group::Pre task execution logs
[2025-12-13T13:56:38.134+0000] {taskinstance.py:2073} INFO - Dependencies all met for dep_context=non-requeueable deps ti=<TaskInstance: mfg_data_quality_monitoring_dag.dq_log_results scheduled__2025-12-12T06:00:00+00:00 [queued]>
[2025-12-13T13:56:38.141+0000] {taskinstance.py:2073} INFO - Dependencies all met for dep_context=requeueable deps ti=<TaskInstance: mfg_data_quality_monitoring_dag.dq_log_results scheduled__2025-12-12T06:00:00+00:00 [queued]>
[2025-12-13T13:56:38.142+0000] {taskinstance.py:2303} INFO - Starting attempt 1 of 2
[2025-12-13T13:56:38.158+0000] {taskinstance.py:2327} INFO - Executing <Task(PythonOperator): dq_log_results> on 2025-12-12 06:00:00+00:00
[2025-12-13T13:56:38.168+0000] {logging_mixin.py:188} WARNING - /home/***/.local/lib/python3.12/site-packages/***/task/task_runner/standard_task_runner.py:61 DeprecationWarning: This process (pid=5759) is multi-threaded, use of fork() may lead to deadlocks in the child.
[2025-12-13T13:56:38.169+0000] {standard_task_runner.py:63} INFO - Started process 5762 to run task
[2025-12-13T13:56:38.168+0000] {standard_task_runner.py:90} INFO - Running: ['***', 'tasks', 'run', 'mfg_data_quality_monitoring_dag', 'dq_log_results', 'scheduled__2025-12-12T06:00:00+00:00', '--job-id', '57', '--raw', '--subdir', 'DAGS_FOLDER/mfg_data_quality_monitoring_dag.py', '--cfg-path', '/tmp/tmp0e_mkht5']
[2025-12-13T13:56:38.171+0000] {standard_task_runner.py:91} INFO - Job 57: Subtask dq_log_results
[2025-12-13T13:56:38.232+0000] {task_command.py:426} INFO - Running <TaskInstance: mfg_data_quality_monitoring_dag.dq_log_results scheduled__2025-12-12T06:00:00+00:00 [running]> on host 1159f6c9764f
[2025-12-13T13:56:38.327+0000] {taskinstance.py:2644} INFO - Exporting env vars: AIRFLOW_CTX_DAG_OWNER='data-platform' AIRFLOW_CTX_DAG_ID='mfg_data_quality_monitoring_dag' AIRFLOW_CTX_TASK_ID='dq_log_results' AIRFLOW_CTX_EXECUTION_DATE='2025-12-12T06:00:00+00:00' AIRFLOW_CTX_TRY_NUMBER='1' AIRFLOW_CTX_DAG_RUN_ID='scheduled__2025-12-12T06:00:00+00:00'
[2025-12-13T13:56:38.329+0000] {taskinstance.py:430} INFO - ::endgroup::
[2025-12-13T13:56:38.367+0000] {connection.py:521} INFO - Snowflake Connector for Python Version: 3.18.0, Python Version: 3.12.2, Platform: Linux-6.6.87.2-microsoft-standard-WSL2-x86_64-with-glibc2.36
[2025-12-13T13:56:38.368+0000] {connection.py:1464} INFO - Connecting to GLOBAL Snowflake domain
[2025-12-13T13:56:42.117+0000] {taskinstance.py:441} INFO - ::group::Post task execution logs
[2025-12-13T13:56:42.118+0000] {taskinstance.py:2890} ERROR - Task failed with exception
Traceback (most recent call last):
  File "/opt/airflow/dags/mfg_data_quality_monitoring_dag.py", line 242, in dq_log_results
    _execute(
  File "/opt/airflow/dags/mfg_data_quality_monitoring_dag.py", line 61, in _execute
    cursor.execute(query, params)
  File "/home/airflow/.local/lib/python3.12/site-packages/snowflake/connector/cursor.py", line 1134, in execute
    Error.errorhandler_wrapper(self.connection, self, error_class, errvalue)
  File "/home/airflow/.local/lib/python3.12/site-packages/snowflake/connector/errors.py", line 286, in errorhandler_wrapper
    handed_over = Error.hand_to_other_handler(
                  ^^^^^^^^^^^^^^^^^^^^^^^^^^^^
  File "/home/airflow/.local/lib/python3.12/site-packages/snowflake/connector/errors.py", line 341, in hand_to_other_handler
    cursor.errorhandler(connection, cursor, error_class, error_value)
  File "/home/airflow/.local/lib/python3.12/site-packages/snowflake/connector/errors.py", line 217, in default_errorhandler
    raise error_class(
snowflake.connector.errors.ProgrammingError: 002014 (22000): 01c10624-0107-46a6-0013-40ff0013a306: SQL compilation error:
Invalid expression [PARSE_JSON('{"run_ts_utc": "2025-12-13T13:56:38.366709", "dag_run_id": "scheduled__2025-12-12T06:00:00+00:00", "rowcount_diffs": [], "dupe_check": {"table": "ANALYTICS_ANALYTICS.CORE_BATCHES", "key": "BATCH_ID", "duplicate_key_count": 0, "null_key_count": 0}, "freshness_check": {"table": "ANALYTICS_ANALYTICS.MFG_PLANT_DAILY_KPIS", "max_calendar_date": "2026-01-08", "days_lag": -26}}')] in VALUES clause

During handling of the above exception, another exception occurred:

Traceback (most recent call last):
  File "/home/airflow/.local/lib/python3.12/site-packages/airflow/models/taskinstance.py", line 460, in _execute_task
    result = _execute_callable(context=context, **execute_callable_kwargs)
             ^^^^^^^^^^^^^^^^^^^^^^^^^^^^^^^^^^^^^^^^^^^^^^^^^^^^^^^^^^^^^
  File "/home/airflow/.local/lib/python3.12/site-packages/airflow/models/taskinstance.py", line 432, in _execute_callable
    return execute_callable(context=context, **execute_callable_kwargs)
           ^^^^^^^^^^^^^^^^^^^^^^^^^^^^^^^^^^^^^^^^^^^^^^^^^^^^^^^^^^^^
  File "/home/airflow/.local/lib/python3.12/site-packages/airflow/models/baseoperator.py", line 400, in wrapper
    return func(self, *args, **kwargs)
           ^^^^^^^^^^^^^^^^^^^^^^^^^^^
  File "/home/airflow/.local/lib/python3.12/site-packages/airflow/operators/python.py", line 235, in execute
    return_value = self.execute_callable()
                   ^^^^^^^^^^^^^^^^^^^^^^^
  File "/home/airflow/.local/lib/python3.12/site-packages/airflow/operators/python.py", line 252, in execute_callable
    return self.python_callable(*self.op_args, **self.op_kwargs)
           ^^^^^^^^^^^^^^^^^^^^^^^^^^^^^^^^^^^^^^^^^^^^^^^^^^^^^
  File "/opt/airflow/dags/mfg_data_quality_monitoring_dag.py", line 258, in dq_log_results
    raise AirflowFailException(
airflow.exceptions.AirflowFailException: Failed to write DQ audit log. dag_run_id=scheduled__2025-12-12T06:00:00+00:00, payload_bytes=373. Error=002014 (22000): 01c10624-0107-46a6-0013-40ff0013a306: SQL compilation error:
Invalid expression [PARSE_JSON('{"run_ts_utc": "2025-12-13T13:56:38.366709", "dag_run_id": "scheduled__2025-12-12T06:00:00+00:00", "rowcount_diffs": [], "dupe_check": {"table": "ANALYTICS_ANALYTICS.CORE_BATCHES", "key": "BATCH_ID", "duplicate_key_count": 0, "null_key_count": 0}, "freshness_check": {"table": "ANALYTICS_ANALYTICS.MFG_PLANT_DAILY_KPIS", "max_calendar_date": "2026-01-08", "days_lag": -26}}')] in VALUES clause
[2025-12-13T13:56:42.129+0000] {taskinstance.py:1205} INFO - Immediate failure requested. Marking task as FAILED. dag_id=mfg_data_quality_monitoring_dag, task_id=dq_log_results, execution_date=20251212T060000, start_date=20251213T135638, end_date=20251213T135642
[2025-12-13T13:56:42.142+0000] {standard_task_runner.py:110} ERROR - Failed to execute job 57 for task dq_log_results (Failed to write DQ audit log. dag_run_id=scheduled__2025-12-12T06:00:00+00:00, payload_bytes=373. Error=002014 (22000): 01c10624-0107-46a6-0013-40ff0013a306: SQL compilation error:
Invalid expression [PARSE_JSON('{"run_ts_utc": "2025-12-13T13:56:38.366709", "dag_run_id": "scheduled__2025-12-12T06:00:00+00:00", "rowcount_diffs": [], "dupe_check": {"table": "ANALYTICS_ANALYTICS.CORE_BATCHES", "key": "BATCH_ID", "duplicate_key_count": 0, "null_key_count": 0}, "freshness_check": {"table": "ANALYTICS_ANALYTICS.MFG_PLANT_DAILY_KPIS", "max_calendar_date": "2026-01-08", "days_lag": -26}}')] in VALUES clause; 5762)
[2025-12-13T13:56:42.181+0000] {local_task_job_runner.py:240} INFO - Task exited with return code 1
[2025-12-13T13:56:42.195+0000] {taskinstance.py:3482} INFO - 0 downstream tasks scheduled from follow-on schedule check
[2025-12-13T13:56:42.199+0000] {local_task_job_runner.py:222} INFO - ::endgroup::
[2025-12-13T14:19:58.860+0000] {local_task_job_runner.py:120} INFO - ::group::Pre task execution logs
[2025-12-13T14:19:58.912+0000] {taskinstance.py:2073} INFO - Dependencies all met for dep_context=non-requeueable deps ti=<TaskInstance: mfg_data_quality_monitoring_dag.dq_log_results scheduled__2025-12-12T06:00:00+00:00 [queued]>
[2025-12-13T14:19:58.926+0000] {taskinstance.py:2073} INFO - Dependencies all met for dep_context=requeueable deps ti=<TaskInstance: mfg_data_quality_monitoring_dag.dq_log_results scheduled__2025-12-12T06:00:00+00:00 [queued]>
[2025-12-13T14:19:58.927+0000] {taskinstance.py:2303} INFO - Starting attempt 1 of 2
[2025-12-13T14:19:58.947+0000] {taskinstance.py:2327} INFO - Executing <Task(PythonOperator): dq_log_results> on 2025-12-12 06:00:00+00:00
[2025-12-13T14:19:58.963+0000] {standard_task_runner.py:90} INFO - Running: ['***', 'tasks', 'run', 'mfg_data_quality_monitoring_dag', 'dq_log_results', 'scheduled__2025-12-12T06:00:00+00:00', '--job-id', '13', '--raw', '--subdir', 'DAGS_FOLDER/mfg_data_quality_monitoring_dag.py', '--cfg-path', '/tmp/tmp156m28nh']
[2025-12-13T14:19:58.970+0000] {standard_task_runner.py:91} INFO - Job 13: Subtask dq_log_results
[2025-12-13T14:19:58.972+0000] {logging_mixin.py:188} WARNING - /home/***/.local/lib/python3.12/site-packages/***/task/task_runner/standard_task_runner.py:61 DeprecationWarning: This process (pid=427) is multi-threaded, use of fork() may lead to deadlocks in the child.
[2025-12-13T14:19:58.973+0000] {standard_task_runner.py:63} INFO - Started process 435 to run task
[2025-12-13T14:19:59.059+0000] {task_command.py:426} INFO - Running <TaskInstance: mfg_data_quality_monitoring_dag.dq_log_results scheduled__2025-12-12T06:00:00+00:00 [running]> on host 2836efb3fb45
[2025-12-13T14:19:59.251+0000] {taskinstance.py:2644} INFO - Exporting env vars: AIRFLOW_CTX_DAG_OWNER='data-platform' AIRFLOW_CTX_DAG_ID='mfg_data_quality_monitoring_dag' AIRFLOW_CTX_TASK_ID='dq_log_results' AIRFLOW_CTX_EXECUTION_DATE='2025-12-12T06:00:00+00:00' AIRFLOW_CTX_TRY_NUMBER='1' AIRFLOW_CTX_DAG_RUN_ID='scheduled__2025-12-12T06:00:00+00:00'
[2025-12-13T14:19:59.255+0000] {taskinstance.py:430} INFO - ::endgroup::
[2025-12-13T14:19:59.341+0000] {connection.py:521} INFO - Snowflake Connector for Python Version: 3.18.0, Python Version: 3.12.2, Platform: Linux-6.6.87.2-microsoft-standard-WSL2-x86_64-with-glibc2.36
[2025-12-13T14:19:59.343+0000] {connection.py:1464} INFO - Connecting to GLOBAL Snowflake domain
[2025-12-13T14:20:04.514+0000] {python.py:237} INFO - Done. Returned value was: None
[2025-12-13T14:20:04.515+0000] {taskinstance.py:441} INFO - ::group::Post task execution logs
[2025-12-13T14:20:04.526+0000] {taskinstance.py:1205} INFO - Marking task as SUCCESS. dag_id=mfg_data_quality_monitoring_dag, task_id=dq_log_results, execution_date=20251212T060000, start_date=20251213T141958, end_date=20251213T142004
[2025-12-13T14:20:04.565+0000] {local_task_job_runner.py:240} INFO - Task exited with return code 0
[2025-12-13T14:20:04.580+0000] {taskinstance.py:3482} INFO - 0 downstream tasks scheduled from follow-on schedule check
[2025-12-13T14:20:04.585+0000] {local_task_job_runner.py:222} INFO - ::endgroup::
[2025-12-13T17:01:54.711+0000] {local_task_job_runner.py:120} INFO - ::group::Pre task execution logs
[2025-12-13T17:01:54.753+0000] {taskinstance.py:2073} INFO - Dependencies all met for dep_context=non-requeueable deps ti=<TaskInstance: mfg_data_quality_monitoring_dag.dq_log_results scheduled__2025-12-12T06:00:00+00:00 [queued]>
[2025-12-13T17:01:54.764+0000] {taskinstance.py:2073} INFO - Dependencies all met for dep_context=requeueable deps ti=<TaskInstance: mfg_data_quality_monitoring_dag.dq_log_results scheduled__2025-12-12T06:00:00+00:00 [queued]>
[2025-12-13T17:01:54.765+0000] {taskinstance.py:2303} INFO - Starting attempt 1 of 2
[2025-12-13T17:01:54.788+0000] {taskinstance.py:2327} INFO - Executing <Task(PythonOperator): dq_log_results> on 2025-12-12 06:00:00+00:00
[2025-12-13T17:01:54.801+0000] {logging_mixin.py:188} WARNING - /home/***/.local/lib/python3.12/site-packages/***/task/task_runner/standard_task_runner.py:61 DeprecationWarning: This process (pid=7840) is multi-threaded, use of fork() may lead to deadlocks in the child.
[2025-12-13T17:01:54.803+0000] {standard_task_runner.py:63} INFO - Started process 7845 to run task
[2025-12-13T17:01:54.801+0000] {standard_task_runner.py:90} INFO - Running: ['***', 'tasks', 'run', 'mfg_data_quality_monitoring_dag', 'dq_log_results', 'scheduled__2025-12-12T06:00:00+00:00', '--job-id', '38', '--raw', '--subdir', 'DAGS_FOLDER/mfg_data_quality_monitoring_dag.py', '--cfg-path', '/tmp/tmpc2ifrd5v']
[2025-12-13T17:01:54.804+0000] {standard_task_runner.py:91} INFO - Job 38: Subtask dq_log_results
[2025-12-13T17:01:54.879+0000] {task_command.py:426} INFO - Running <TaskInstance: mfg_data_quality_monitoring_dag.dq_log_results scheduled__2025-12-12T06:00:00+00:00 [running]> on host 2836efb3fb45
[2025-12-13T17:01:54.998+0000] {taskinstance.py:2644} INFO - Exporting env vars: AIRFLOW_CTX_DAG_OWNER='data-platform' AIRFLOW_CTX_DAG_ID='mfg_data_quality_monitoring_dag' AIRFLOW_CTX_TASK_ID='dq_log_results' AIRFLOW_CTX_EXECUTION_DATE='2025-12-12T06:00:00+00:00' AIRFLOW_CTX_TRY_NUMBER='1' AIRFLOW_CTX_DAG_RUN_ID='scheduled__2025-12-12T06:00:00+00:00'
[2025-12-13T17:01:55.001+0000] {taskinstance.py:430} INFO - ::endgroup::
[2025-12-13T17:01:55.060+0000] {connection.py:521} INFO - Snowflake Connector for Python Version: 3.18.0, Python Version: 3.12.2, Platform: Linux-6.6.87.2-microsoft-standard-WSL2-x86_64-with-glibc2.36
[2025-12-13T17:01:55.063+0000] {connection.py:1464} INFO - Connecting to GLOBAL Snowflake domain
[2025-12-13T17:02:00.765+0000] {python.py:237} INFO - Done. Returned value was: None
[2025-12-13T17:02:00.766+0000] {taskinstance.py:441} INFO - ::group::Post task execution logs
[2025-12-13T17:02:00.777+0000] {taskinstance.py:1205} INFO - Marking task as SUCCESS. dag_id=mfg_data_quality_monitoring_dag, task_id=dq_log_results, execution_date=20251212T060000, start_date=20251213T170154, end_date=20251213T170200
[2025-12-13T17:02:00.813+0000] {local_task_job_runner.py:240} INFO - Task exited with return code 0
[2025-12-13T17:02:00.829+0000] {taskinstance.py:3482} INFO - 0 downstream tasks scheduled from follow-on schedule check
[2025-12-13T17:02:00.833+0000] {local_task_job_runner.py:222} INFO - ::endgroup::
